A51 MACRO ASSEMBLER  LAB_EX04                                                             03/19/2017 19:48:06 PAGE     1


MACRO ASSEMBLER A51 V8.2.5.0
OBJECT MODULE PLACED IN .\Objects\Lab_Ex04.obj
ASSEMBLER INVOKED BY: C:\Keil_v5\C51\BIN\A51.EXE Lab_Ex04.a51 SET(SMALL) DEBUG PRINT(.\Listings\Lab_Ex04.lst) OBJECT(.\O
                      bjects\Lab_Ex04.obj) EP

LOC  OBJ            LINE     SOURCE

                       1     

                       2     

                       3     

                       4     

                       5     

                       6     

                       7     

                       8     

                       9     

                      10     

                      11     

                      12     

                      13     

                      14     

                      15     

                      16     

                      17     

                      18     

                      19     

                      20     

0000                  21     org 0000h  

0000 022027           22     ljmp main  

                      23     

0003                  24     org 0003h  

0003 022038           25     ljmp INT_INT0

                      26     

000B                  27     org 000Bh  

000B 022039           28     ljmp INT_TIMER0  

                      29     

0013                  30     org 0013h  

0013 02203A           31     ljmp INT_INT1  

                      32     

001B                  33     org 001Bh  

001B 02203B           34     ljmp INT_TIMER1  

                      35     

0023                  36     org 0023h  

0023 02203C           37     ljmp INT_SERIAL  

                      38     

                      39     

                      40     

                      41     

0026                  42     str_padrao:

2000                  43             org 2000h

2000 45737365         44             db  'Esse trabalho merece nota extra, nao?!', 00H

2004 20747261                
2008 62616C68                
200C 6F206D65                
2010 72656365                
2014 206E6F74                
2018 61206578                
201C 7472612C                
2020 206E616F                
2024 3F2100                  
                      45     

2027                  46     main:

2027 758000           47             MOV P0, #00h

                      48     

A51 MACRO ASSEMBLER  LAB_EX04                                                             03/19/2017 19:48:06 PAGE     2

202A 902000           49             mov DPTR, #2000h  

                      50             

202D 7826             51             mov R0, #str_padrao  

                      52             

202F 7900             53             mov R1, #00h  

                      54             

2031                  55     escreve_texto:

2031 E9               56             mov A, R1

                      57     

2032 93               58             movc A, @A + DPTR

                      59             

2033 F580             60             mov P0, A

                      61             

2035 09               62             inc R1

                      63             

2036 D8F9             64             djnz R0, escreve_texto

                      65     

                      66     

                      67     

                      68     

                      69     

                      70     

                      71     

                      72     

2038                  73     INT_INT0:

2038 32               74             reti

                      75     

                      76     

                      77     

                      78     

2039                  79     INT_TIMER0:

2039 32               80             reti

                      81             

                      82     

                      83     

                      84     

203A                  85     INT_INT1:

203A 32               86             reti

                      87     

                      88     

                      89     

                      90     

203B                  91     INT_TIMER1:

203B 32               92             reti

                      93             

                      94     

                      95     

                      96     

203C                  97     INT_SERIAL:

203C 32               98             reti

                      99             

                     100             end

A51 MACRO ASSEMBLER  LAB_EX04                                                             03/19/2017 19:48:06 PAGE     3

SYMBOL TABLE LISTING
------ ----- -------


N A M E             T Y P E  V A L U E   ATTRIBUTES

ESCREVE_TEXTO. . .  C ADDR   2031H   A   
INT_INT0 . . . . .  C ADDR   2038H   A   
INT_INT1 . . . . .  C ADDR   203AH   A   
INT_SERIAL . . . .  C ADDR   203CH   A   
INT_TIMER0 . . . .  C ADDR   2039H   A   
INT_TIMER1 . . . .  C ADDR   203BH   A   
MAIN . . . . . . .  C ADDR   2027H   A   
P0 . . . . . . . .  D ADDR   0080H   A   
STR_PADRAO . . . .  C ADDR   0026H   A   


REGISTER BANK(S) USED: 0 


ASSEMBLY COMPLETE.  0 WARNING(S), 0 ERROR(S)
