C51 COMPILER V9.01   MAIN                                                                  02/16/2015 17:54:57 PAGE 1   


C51 COMPILER V9.01, COMPILATION OF MODULE MAIN
OBJECT MODULE PLACED IN .\output\main.obj
COMPILER INVOKED BY: C:\Keil\C51\BIN\C51.EXE src\main.c BROWSE INCDIR(..\lib) DEBUG OBJECTEXTEND PRINT(.\output\main.lst
                    -) OBJECT(.\output\main.obj)

line level    source

   1          #include <REG51.H>
   2          
   3          #include <intrins.h>
   4          #include <sys\sys.h>
   5          #include <lcd-2.2\lcd.h>
   6          #include <font\font.h>
   7          
   8          /*
   9          Example: Color Screens - Draw different color screens every 3 seconds
  10          
  11          Hardware Setup: 
  12                  Microchip SST89V516RD
  13                  Crystal 22.1184 Mhz 
  14                  Operating voltage of 3.3V
  15          
  16          IO connections between MCU and LCD:
  17                  Data: 
  18                          LCD(DB8-DB15) = P2^0-P2^7;
  19                  Control: 
  20                          LCD_RS = P3^5; 
  21                          LCD_WR = P3^6;
  22                          LCD_RD = P3^7;
  23                          LCD_CS = P1^0;
  24                          LCD_RESET = P1^2;
  25          */
  26          
  27          void main()
  28          {
  29   1              Lcd_Init();
  30   1      
  31   1              LCD_Clear(WHITE);
  32   1              BACK_COLOR=BLACK;
  33   1              POINT_COLOR=WHITE; 
  34   1      
  35   1              while(1)
  36   1              {
  37   2                   LCD_Clear(RED);
  38   2                       delayms(3000);
  39   2                       LCD_Clear(GREEN);
  40   2                       delayms(3000);
  41   2                       LCD_Clear(BLUE);
  42   2                       delayms(3000);
  43   2          }
  44   1      }


MODULE INFORMATION:   STATIC OVERLAYABLE
   CODE SIZE        =     65    ----
   CONSTANT SIZE    =   ----    ----
   XDATA SIZE       =   ----    ----
   PDATA SIZE       =   ----    ----
   DATA SIZE        =   ----    ----
   IDATA SIZE       =   ----    ----
   BIT SIZE         =   ----    ----
C51 COMPILER V9.01   MAIN                                                                  02/16/2015 17:54:57 PAGE 2   

END OF MODULE INFORMATION.


C51 COMPILATION COMPLETE.  0 WARNING(S),  0 ERROR(S)
