A51 MACRO ASSEMBLER  PROJETO00_PADRAO                                                     03/24/2017 15:22:31 PAGE     1


MACRO ASSEMBLER A51 V8.2.5.0
OBJECT MODULE PLACED IN .\Objects\projeto00_padrao.obj
ASSEMBLER INVOKED BY: C:\Keil_v5\C51\BIN\A51.EXE projeto00_padrao.a51 SET(SMALL) DEBUG PRINT(.\Listings\projeto00_padrao
                      .lst) OBJECT(.\Objects\projeto00_padrao.obj) EP

LOC  OBJ            LINE     SOURCE

                       1     

                       2     

                       3     

                       4     

                       5     

                       6     

                       7     

                       8     

                       9     

0000                  10     org 0000h  

0000 020026           11     ljmp main  

                      12     

0003                  13     org 0003h  

0003 020026           14     ljmp INT_INT0

                      15     

000B                  16     org 000Bh  

000B 020027           17     ljmp INT_TIMER0  

                      18     

0013                  19     org 0013h  

0013 020028           20     ljmp INT_INT1  

                      21     

001B                  22     org 001Bh  

001B 020029           23     ljmp INT_TIMER1  

                      24     

0023                  25     org 0023h  

0023 02002A           26     ljmp INT_SERIAL  

                      27     

0026                  28     main:

                      29             

                      30     

                      31     

                      32     

                      33     

                      34     

                      35     

                      36     

                      37     

0026                  38     INT_INT0:

0026 32               39             reti

                      40     

                      41     

                      42     

                      43     

0027                  44     INT_TIMER0:

0027 32               45             reti

                      46             

                      47     

                      48     

                      49     

0028                  50     INT_INT1:

0028 32               51             reti

                      52     

                      53     

                      54     

                      55     

0029                  56     INT_TIMER1:

0029 32               57             reti

A51 MACRO ASSEMBLER  PROJETO00_PADRAO                                                     03/24/2017 15:22:31 PAGE     2

                      58             

                      59     

                      60     

                      61     

002A                  62     INT_SERIAL:

002A 32               63             reti

                      64             

                      65             end

A51 MACRO ASSEMBLER  PROJETO00_PADRAO                                                     03/24/2017 15:22:31 PAGE     3

SYMBOL TABLE LISTING
------ ----- -------


N A M E             T Y P E  V A L U E   ATTRIBUTES

INT_INT0 . . . . .  C ADDR   0026H   A   
INT_INT1 . . . . .  C ADDR   0028H   A   
INT_SERIAL . . . .  C ADDR   002AH   A   
INT_TIMER0 . . . .  C ADDR   0027H   A   
INT_TIMER1 . . . .  C ADDR   0029H   A   
MAIN . . . . . . .  C ADDR   0026H   A   


REGISTER BANK(S) USED: 0 


ASSEMBLY COMPLETE.  0 WARNING(S), 0 ERROR(S)
