A51 MACRO ASSEMBLER  PROJETO00_PADRAO                                                     04/11/2017 21:45:33 PAGE     1


MACRO ASSEMBLER A51 V8.2.5.0
OBJECT MODULE PLACED IN .\Objects\projeto00_padrao.obj
ASSEMBLER INVOKED BY: C:\Keil_v5\C51\BIN\A51.EXE projeto00_padrao.a51 SET(SMALL) DEBUG PRINT(.\Listings\projeto00_padrao
                      .lst) OBJECT(.\Objects\projeto00_padrao.obj) EP

LOC  OBJ            LINE     SOURCE

                       1     

                       2     

                       3     

                       4     

                       5     

                       6     

                       7     

                       8     

                       9     

0000                  10     org 0000h  

0000 020026           11     ljmp main  

                      12     

0003                  13     org 0003h  

0003 020031           14     ljmp INT_INT0

                      15     

000B                  16     org 000Bh  

000B 020032           17     ljmp INT_TIMER0  

                      18     

0013                  19     org 0013h  

0013 020033           20     ljmp INT_INT1  

                      21     

001B                  22     org 001Bh  

001B 020034           23     ljmp INT_TIMER1  

                      24     

0023                  25     org 0023h  

0023 020035           26     ljmp INT_SERIAL  

                      27     

0026                  28     main:

0026 7812             29             mov r0, #12h

0028 E6               30             mov a, @r0

0029 751115           31             mov 11h, #15h

002C D3               32             setb c

002D 9511             33             subb a, 11h

002F F50F             34             mov 0fh, a

                      35     

                      36     

                      37     

                      38     

                      39     

                      40     

                      41     

                      42     

0031                  43     INT_INT0:

0031 32               44             reti

                      45     

                      46     

                      47     

                      48     

0032                  49     INT_TIMER0:

0032 32               50             reti

                      51             

                      52     

                      53     

                      54     

0033                  55     INT_INT1:

0033 32               56             reti

                      57     

A51 MACRO ASSEMBLER  PROJETO00_PADRAO                                                     04/11/2017 21:45:33 PAGE     2

                      58     

                      59     

                      60     

0034                  61     INT_TIMER1:

0034 32               62             reti

                      63             

                      64     

                      65     

                      66     

0035                  67     INT_SERIAL:

0035 32               68             reti

                      69             

                      70             end

A51 MACRO ASSEMBLER  PROJETO00_PADRAO                                                     04/11/2017 21:45:33 PAGE     3

SYMBOL TABLE LISTING
------ ----- -------


N A M E             T Y P E  V A L U E   ATTRIBUTES

INT_INT0 . . . . .  C ADDR   0031H   A   
INT_INT1 . . . . .  C ADDR   0033H   A   
INT_SERIAL . . . .  C ADDR   0035H   A   
INT_TIMER0 . . . .  C ADDR   0032H   A   
INT_TIMER1 . . . .  C ADDR   0034H   A   
MAIN . . . . . . .  C ADDR   0026H   A   


REGISTER BANK(S) USED: 0 


ASSEMBLY COMPLETE.  0 WARNING(S), 0 ERROR(S)
