A51 MACRO ASSEMBLER  PWM_COM_TIMER                                                        04/11/2017 17:09:07 PAGE     1


MACRO ASSEMBLER A51 V8.2.5.0
OBJECT MODULE PLACED IN .\Objects\pwm_com_timer.obj
ASSEMBLER INVOKED BY: C:\Keil_v5\C51\BIN\A51.EXE pwm_com_timer.a51 SET(SMALL) DEBUG PRINT(.\Listings\pwm_com_timer.lst) 
                      OBJECT(.\Objects\pwm_com_timer.obj) EP

LOC  OBJ            LINE     SOURCE

                       1     

                       2     

                       3     

                       4     

                       5     

                       6     

                       7     

                       8     

                       9     

  0090                10     PWM_PORT                        EQU     P1

  0090                11     PWM_PIN                         EQU P1.0

                      12             

  0000                13     PWM_FLAG                        EQU 0    

                      14     

  0000                15     WAVE_FORM_SINE          EQU 00h

  0001                16     WAVE_FORM_SQUARE        EQU 01h

                      17     

  0031                18     WAVE_FORM                       EQU 31h  

  0032                19     DUTY_CYCLE                      EQU 32h  

                      20     

                      21     

  0033                22     PERIOD_LSB                      EQU 33h

  0034                23     PERIOD_MED                      EQU 34h 

  0035                24     PERIOD_MSB                      EQU 35h

                      25     

0000                  26     org 0000h  

0000 0200D5           27     ljmp main  

                      28     

0003                  29     org 0003h  

0003 020181           30     ljmp INT_INT0

                      31     

000B                  32     org 000Bh  

000B 020182           33     ljmp INT_TIMER0  

                      34     

0013                  35     org 0013h  

0013 020183           36     ljmp INT_INT1  

                      37     

001B                  38     org 001Bh  

001B 020184           39     ljmp INT_TIMER1  

                      40     

0023                  41     org 0023h  

0023 020197           42     ljmp INT_SERIAL  

                      43     

                      44     

                      45     

                      46     

0050                  47     org 0050h

0050                  48     SINE_WAVE_25_SAMPLES:

0050 7FA0BFD9         49             DB 127, 160, 191, 217, 237, 250, 255, 250, 237, 217, 191, 160, 127, 94, 63, 37, 17,
                              4, 0, 4, 17, 37, 63, 94, 127

0054 EDFAFFFA                
0058 EDD9BFA0                
005C 7F5E3F25                
0060 11040004                
0064 11253F5E                
0068 7F                      
0069                  50     SINE_WAVE_37_SAMPLES:

A51 MACRO ASSEMBLER  PWM_COM_TIMER                                                        04/11/2017 17:09:07 PAGE     2

0069 8096ACC0         51             DB 128, 150, 172, 192, 210, 226, 239, 248, 254, 255, 254, 248, 239, 226, 210, 192, 
                             172, 150, 128, 106, 84, 64, 46, 30, 17, 8, 2, 0, 2, 8, 17, 30, 46, 64, 84, 106, 128

006D D2E2EFF8                
0071 FEFFFEF8                
0075 EFE2D2C0                
0079 AC96806A                
007D 54402E1E                
0081 11080200                
0085 0208111E                
0089 2E40546A                
008D 80                      
008E                  52     SINE_WAVE_71_SAMPLES:

008E 808B96A1         53             DB 128, 139, 150, 161, 172, 182, 192, 201, 210, 218, 226, 233, 239, 245, 248, 253, 
                             254, 255, 254, 253, 248, 245, 239, 233, 226, 218, 210, 201, 192, 182, 172, 161, 150, 139, 1
                             28, 117, 106, 95, 84, 74, 64, 55, 46, 38, 30, 24, 17, 13, 8, 5, 2, 1, 0, 1, 2, 5, 8, 13, 17
                             , 24, 30, 38, 46, 55, 64, 74, 84, 95, 106, 117, 128

0092 ACB6C0C9                
0096 D2DAE2E9                
009A EFF5F8FD                
009E FEFFFEFD                
00A2 F8F5EFE9                
00A6 E2DAD2C9                
00AA C0B6ACA1                
00AE 968B8075                
00B2 6A5F544A                
00B6 40372E26                
00BA 1E18110D                
00BE 08050201                
00C2 00010205                
00C6 080D1118                
00CA 1E262E37                
00CE 404A545F                
00D2 6A7580                  
                      54     

00D5                  55     main:

00D5 753100           56             MOV             WAVE_FORM, #WAVE_FORM_SINE  

00D8 E531             57             MOV             A, WAVE_FORM

                      58             

00DA 6004             59             JZ              SINE_WAVE

                      60     

00DC B4023A           61             CJNE    A, #02h, SQUARE_WAVE

                      62     

00DF E4               63             CLR             A

                      64     

                      65     

                      66     

                      67     

00E0                  68     SINE_WAVE:

00E0 11FB             69             CALL    PWM_SINE_WAVE_SETUP

                      70             

00E2                  71     PWM_SINE_WAVE_NEXT_PERIOD:

00E2 90008E           72             MOV             DPTR, #SINE_WAVE_71_SAMPLES

00E5 7946             73             MOV             R1, #70d

                      74             

00E7 C287             75             CLR             P0.7

                      76             

00E9                  77     TESTA_R1:

00E9 E9               78             MOV             A, R1

00EA 60F6             79             JZ              PWM_SINE_WAVE_NEXT_PERIOD

                      80             

00EC 80FB             81             JMP     TESTA_R1

                      82     

00EE                  83     PWM_INTERRUPT_SINE_NEXT_SAMPLE:

00EE DF0A             84             DJNZ    R7, CONTINUE_SINE

00F0 AF35             85             MOV             R7, PERIOD_MSB

                      86             

A51 MACRO ASSEMBLER  PWM_COM_TIMER                                                        04/11/2017 17:09:07 PAGE     3

00F2 93               87             MOVC    A, @A + DPTR

00F3 F590             88             MOV             PWM_PORT, A

00F5 E4               89             CLR             A

                      90             

00F6 A3               91             INC     DPTR

00F7 19               92             DEC             R1

                      93             

00F8 3107             94             CALL    PWM_SINE_WAVE_CONFIG_PERIOD

                      95     

00FA                  96     CONTINUE_SINE:

00FA 22               97             RET

                      98             

00FB                  99     PWM_SINE_WAVE_SETUP:

00FB 758910          100             MOV     TMOD, #00010000b   

                     101             

00FE 3107            102             CALL    PWM_SINE_WAVE_CONFIG_PERIOD

                     103             

0100 D2AF            104             SETB    EA       

0102 D2AB            105             SETB    ET1  

0104 D28E            106             SETB    TR1  

                     107             

0106 22              108             RET

                     109             

                     110     

                     111     

                     112     

                     113     

                     114     

                     115     

                     116     

                     117     

                     118     

0107                 119     PWM_SINE_WAVE_CONFIG_PERIOD:

0107 753501          120             MOV             PERIOD_MSB, #001h

010A 7534C8          121             MOV             PERIOD_MED, #0C8h

010D 753352          122             MOV             PERIOD_LSB, #052h

                     123             

0110 AF35            124             MOV             R7, PERIOD_MSB

                     125             

0112 85348D          126             MOV     TH1, PERIOD_MED

0115 85338B          127             MOV             TL1, PERIOD_LSB

                     128             

0118 22              129             RET

                     130     

                     131     

                     132     

                     133     

0119                 134     SQUARE_WAVE:

0119 311D            135             CALL    PWM_SQUARE_WAVE_SETUP

                     136             

011B 80FE            137             JMP     $

                     138             

011D                 139     PWM_SQUARE_WAVE_SETUP:

011D 758910          140             MOV     TMOD, #00010000b   

0120 753223          141             MOV     DUTY_CYCLE, #35d  

                     142             

0123 312C            143             CALL    PWM_SQUARE_WAVE_CONFIG_PERIOD

                     144             

0125 D2AF            145             SETB    EA       

0127 D2AB            146             SETB    ET1  

0129 D28E            147             SETB    TR1  

                     148             

012B 22              149             RET

                     150             

012C                 151     PWM_SQUARE_WAVE_CONFIG_PERIOD:

                     152             

A51 MACRO ASSEMBLER  PWM_COM_TIMER                                                        04/11/2017 17:09:07 PAGE     4

                     153             

                     154             

012C 75350E          155             MOV             PERIOD_MSB, #00Eh

012F 7534FF          156             MOV             PERIOD_MED, #0FFh

0132 7533FF          157             MOV             PERIOD_LSB, #0FFh

                     158             

0135 AE34            159             MOV             R6, PERIOD_MED

0137 AF35            160             MOV             R7, PERIOD_MSB

                     161             

0139 758DFF          162             MOV     TH1, #0FFh

013C 85338B          163             MOV             TL1, PERIOD_LSB

                     164             

013F 22              165             RET

                     166     

0140                 167     PWM_STOP:

0140 C28E            168             CLR     TR1                     ; Stop timer to stop PWM

                     169             

0142 22              170             RET

                     171             

0143                 172     PWM_INTERRUPT_SQUARE_WAVE:      

0143 DE27            173             DJNZ    R6, CONTINUE_SQUARE

0145 AE34            174             MOV             R6, PERIOD_MED

                     175             

0147 DF23            176             DJNZ    R7, CONTINUE_SQUARE

0149 AF35            177             MOV             R7, PERIOD_MSB  

                     178     

014B 20000D          179             JB              PWM_FLAG, HIGH_DONE      

                     180                                     

014E                 181     LOW_DONE:                       

014E D200            182             SETB    PWM_FLAG

0150 D290            183             SETB    PWM_PIN

                     184             

0152 758DFF          185             MOV             TH1, #0FFh

0155 85328B          186             MOV     TL1, DUTY_CYCLE         

                     187             

0158 C28F            188             CLR     TF1

                     189             

015A 22              190             RET

                     191                                     

015B                 192     HIGH_DONE:

015B C200            193             CLR     PWM_FLAG                         

015D C290            194             CLR     PWM_PIN                          

                     195             

015F 74FF            196             MOV     A, #0FFh                 

0161 C3              197             CLR             C

0162 9532            198             SUBB    A, DUTY_CYCLE

                     199             

0164 758DFF          200             MOV     TH1, #0FFh                       

0167 F58B            201             MOV             TL1, A

                     202             

0169 C28F            203             CLR     TF1                                      

                     204             

016B 22              205             RET

                     206     

016C                 207     CONTINUE_SQUARE:

016C 30000B          208             JNB             PWM_FLAG, CONTINUE_SQUARE_LOW

                     209             

016F                 210     CONTINUE_SQUARE_HIGH:

016F 74FF            211             MOV     A, #0FFh                 

0171 C3              212             CLR             C

0172 9532            213             SUBB    A, DUTY_CYCLE

                     214             

0174 758DFF          215             MOV     TH1, #0FFh                       

0177 F58B            216             MOV             TL1, A

                     217     

0179 22              218             RET

A51 MACRO ASSEMBLER  PWM_COM_TIMER                                                        04/11/2017 17:09:07 PAGE     5

                     219                     

017A                 220     CONTINUE_SQUARE_LOW:

017A 758DFF          221             MOV             TH1, #0FFh

017D 85328B          222             MOV     TL1, DUTY_CYCLE

                     223             

0180 22              224             RET

                     225     

                     226     

                     227     

                     228     

                     229     

                     230     

                     231     

                     232     

0181                 233     INT_INT0:

0181 32              234             RETI

                     235     

                     236     

                     237     

                     238     

0182                 239     INT_TIMER0:

0182 32              240             RETI

                     241             

                     242     

                     243     

                     244     

0183                 245     INT_INT1:

0183 32              246             RETI

                     247     

                     248     

                     249     

                     250     

0184                 251     INT_TIMER1:

0184 C0E0            252             PUSH    ACC

                     253     

0186 E531            254             MOV             A, WAVE_FORM

                     255             

0188 6003            256             JZ              JUMP_SINE_INT

                     257     

018A B40205          258             CJNE    A, #02h, JUMP_SQUARE_INT

                     259     

018D                 260     JUMP_SINE_INT:

018D 11EE            261             CALL    PWM_INTERRUPT_SINE_NEXT_SAMPLE

                     262     

018F D0E0            263             POP             ACC

0191 32              264             RETI

                     265     

0192                 266     JUMP_SQUARE_INT:

0192 3143            267             CALL    PWM_INTERRUPT_SQUARE_WAVE

                     268             

0194 D0E0            269             POP             ACC

0196 32              270             RETI

                     271     

                     272     

                     273     

0197                 274     INT_SERIAL:

0197 32              275             RETI

                     276             

                     277             END

A51 MACRO ASSEMBLER  PWM_COM_TIMER                                                        04/11/2017 17:09:07 PAGE     6

SYMBOL TABLE LISTING
------ ----- -------


N A M E                         T Y P E  V A L U E   ATTRIBUTES

ACC. . . . . . . . . . . . . .  D ADDR   00E0H   A   
CONTINUE_SINE. . . . . . . . .  C ADDR   00FAH   A   
CONTINUE_SQUARE. . . . . . . .  C ADDR   016CH   A   
CONTINUE_SQUARE_HIGH . . . . .  C ADDR   016FH   A   
CONTINUE_SQUARE_LOW. . . . . .  C ADDR   017AH   A   
DUTY_CYCLE . . . . . . . . . .  N NUMB   0032H   A   
EA . . . . . . . . . . . . . .  B ADDR   00A8H.7 A   
ET1. . . . . . . . . . . . . .  B ADDR   00A8H.3 A   
HIGH_DONE. . . . . . . . . . .  C ADDR   015BH   A   
INT_INT0 . . . . . . . . . . .  C ADDR   0181H   A   
INT_INT1 . . . . . . . . . . .  C ADDR   0183H   A   
INT_SERIAL . . . . . . . . . .  C ADDR   0197H   A   
INT_TIMER0 . . . . . . . . . .  C ADDR   0182H   A   
INT_TIMER1 . . . . . . . . . .  C ADDR   0184H   A   
JUMP_SINE_INT. . . . . . . . .  C ADDR   018DH   A   
JUMP_SQUARE_INT. . . . . . . .  C ADDR   0192H   A   
LOW_DONE . . . . . . . . . . .  C ADDR   014EH   A   
MAIN . . . . . . . . . . . . .  C ADDR   00D5H   A   
P0 . . . . . . . . . . . . . .  D ADDR   0080H   A   
P1 . . . . . . . . . . . . . .  D ADDR   0090H   A   
PERIOD_LSB . . . . . . . . . .  N NUMB   0033H   A   
PERIOD_MED . . . . . . . . . .  N NUMB   0034H   A   
PERIOD_MSB . . . . . . . . . .  N NUMB   0035H   A   
PWM_FLAG . . . . . . . . . . .  N NUMB   0000H   A   
PWM_INTERRUPT_SINE_NEXT_SAMPLE  C ADDR   00EEH   A   
PWM_INTERRUPT_SQUARE_WAVE. . .  C ADDR   0143H   A   
PWM_PIN. . . . . . . . . . . .  B ADDR   0090H.0 A   
PWM_PORT . . . . . . . . . . .  D ADDR   0090H   A   
PWM_SINE_WAVE_CONFIG_PERIOD. .  C ADDR   0107H   A   
PWM_SINE_WAVE_NEXT_PERIOD. . .  C ADDR   00E2H   A   
PWM_SINE_WAVE_SETUP. . . . . .  C ADDR   00FBH   A   
PWM_SQUARE_WAVE_CONFIG_PERIOD.  C ADDR   012CH   A   
PWM_SQUARE_WAVE_SETUP. . . . .  C ADDR   011DH   A   
PWM_STOP . . . . . . . . . . .  C ADDR   0140H   A   
SINE_WAVE. . . . . . . . . . .  C ADDR   00E0H   A   
SINE_WAVE_25_SAMPLES . . . . .  C ADDR   0050H   A   
SINE_WAVE_37_SAMPLES . . . . .  C ADDR   0069H   A   
SINE_WAVE_71_SAMPLES . . . . .  C ADDR   008EH   A   
SQUARE_WAVE. . . . . . . . . .  C ADDR   0119H   A   
TESTA_R1 . . . . . . . . . . .  C ADDR   00E9H   A   
TF1. . . . . . . . . . . . . .  B ADDR   0088H.7 A   
TH1. . . . . . . . . . . . . .  D ADDR   008DH   A   
TL1. . . . . . . . . . . . . .  D ADDR   008BH   A   
TMOD . . . . . . . . . . . . .  D ADDR   0089H   A   
TR1. . . . . . . . . . . . . .  B ADDR   0088H.6 A   
WAVE_FORM. . . . . . . . . . .  N NUMB   0031H   A   
WAVE_FORM_SINE . . . . . . . .  N NUMB   0000H   A   
WAVE_FORM_SQUARE . . . . . . .  N NUMB   0001H   A   


REGISTER BANK(S) USED: 0 


ASSEMBLY COMPLETE.  0 WARNING(S), 0 ERROR(S)
