A51 MACRO ASSEMBLER  TIMERS_AND_COUNTERS                                                  03/22/2017 21:40:15 PAGE     1


MACRO ASSEMBLER A51 V8.2.5.0
NO OBJECT MODULE REQUESTED
ASSEMBLER INVOKED BY: C:\Keil_v5\C51\BIN\A51.EXE timers_and_counters.a51 SET(SMALL) DEBUG PRINT(.\Listings\timers_and_co
                      unters.lst) OBJECT(.\Objects\timers_and_counters.obj) EP

LOC  OBJ            LINE     SOURCE

                       1     

                       2     

                       3     

                       4     

                       5     

                       6     

                       7     

                       8     

                       9     

                      10     GLOBAL TIMER_DELAY_50_MS

*** _________________________^
*** ERROR #A9 IN 10 (timers_and_counters.a51, LINE 10): SYNTAX ERROR
                      11     

0000                  12     TIMER_CONFIGURA_TIMER:

0000 758901           13             mov TMOD, #01h  

                      14             

0003                  15     TIMER_DELAY_1_S:

0003 7814             16             mov R0, #20d  

                      17             

                      18     

                      19     

                      20     

                      21     

                      22     

                      23     

                      24     

0005                  25     TIMER_DELAY_50_MS:

0005 758C3C           26             mov TH0, #HIGH(65535 - 49987)    

0008 758ABC           27             mov TL0, #LOW(65535 - 49987)     

                      28             

000B C28D             29             clr TF0

000D D28C             30             setb TR0

                      31             

000F 308DFD           32             jnb TF0, $

                      33                     

0012 C28D             34             clr TF0

0014 C28C             35             clr TR0

                      36             

0016 D8ED             37             djnz R0, TIMER_DELAY_50_MS

                      38     

                      39     

                      40     

                      41     

                      42     

                      43     

                      44     

                      45     

                      46     

                      47     

                      48     

                      49     

0018                  50     ATRASO:

0018 00               51             NOP                              

0019 00               52             NOP                              

001A 00               53             NOP                              

                      54             

001B D8FB             55             DJNZ R0,ATRASO   

A51 MACRO ASSEMBLER  TIMERS_AND_COUNTERS                                                  03/22/2017 21:40:15 PAGE     2

                      56             

001D 22               57             RET                              

                      58     

                      59     

                      60     

                      61     

                      62     

                      63     

                      64     

                      65     

001E                  66     ATRASO_MS:

001E 78C7             67             MOV             R0,#199          

0020 1118             68             CALL    ATRASO

                      69             

0022 78C7             70             MOV             R0,#199          

0024 1118             71             CALL    ATRASO

                      72             

0026 DAF6             73             DJNZ    R2,ATRASO_MS

                      74             

0028 22               75             RET     

                      76     

                      77     END

A51 MACRO ASSEMBLER  TIMERS_AND_COUNTERS                                                  03/22/2017 21:40:15 PAGE     3

SYMBOL TABLE LISTING
------ ----- -------


N A M E                T Y P E  V A L U E   ATTRIBUTES

ATRASO. . . . . . . .  C ADDR   0018H   A   
ATRASO_MS . . . . . .  C ADDR   001EH   A   
GLOBAL. . . . . . . .    ----   -----       
TF0 . . . . . . . . .  B ADDR   0088H.5 A   
TH0 . . . . . . . . .  D ADDR   008CH   A   
TIMER_CONFIGURA_TIMER  C ADDR   0000H   A   
TIMER_DELAY_1_S . . .  C ADDR   0003H   A   
TIMER_DELAY_50_MS . .  C ADDR   0005H   A   
TL0 . . . . . . . . .  D ADDR   008AH   A   
TMOD. . . . . . . . .  D ADDR   0089H   A   
TR0 . . . . . . . . .  B ADDR   0088H.4 A   


REGISTER BANK(S) USED: 0 


ASSEMBLY COMPLETE.  0 WARNING(S), 1 ERROR(S)
