A51 MACRO ASSEMBLER  PROJETO_02_LOMBADA_ELETRONICA                                        05/03/2017 20:04:17 PAGE     1


MACRO ASSEMBLER A51 V8.2.5.0
OBJECT MODULE PLACED IN .\Objects\Projeto_02_Lombada_Eletronica.obj
ASSEMBLER INVOKED BY: C:\Keil_v5\C51\BIN\A51.EXE Projeto_02_Lombada_Eletronica.a51 SET(SMALL) DEBUG PRINT(.\Listings\Pro
                      jeto_02_Lombada_Eletronica.lst) OBJECT(.\Objects\Projeto_02_Lombada_Eletronica.obj) EP

LOC  OBJ            LINE     SOURCE

                       1     

                       2     

                       3     

                       4     

                       5     

                       6     

                       7     

                       8     

                       9     

                      10     

                      11     

                      12     

                      13     

                      14     

                      15     

                      16     

                      17     

                      18     

                      19     

                      20     

0000                  21     org 000h  

0000 020040           22     ljmp __STARTUP__

                      23     

0003                  24     org 003h  

0003 020163           25     ljmp INT_EXT0

                      26     

000B                  27     org 00Bh  

000B 020173           28     ljmp INT_TIMER0

                      29     

0013                  30     org 013h  

0013 020174           31     ljmp INT_EXT1

                      32     

001B                  33     org 01Bh  

001B 020175           34     ljmp INT_TIMER1

                      35     

0023                  36     org 023h  

0023 0201AA           37     ljmp INT_SERIAL

                      38     

                      39     

                      40     

                      41     

                      42     

  0080                43     PORT_DISPLAY                            EQU     P0

                      44     

  0090                45     DISPLAY_UNIDADE                         EQU P1.0

  0091                46     DISPLAY_DEZENA                          EQU P1.1

                      47     

  0096                48     PINO_LED_VERMELHO                       EQU P1.6

                      49             

  0097                50     BUZZER                                          EQU P1.7

                      51             

  00B0                52     TRIGGER_ULTRASSOM_RECEPTOR      EQU P3.0

  00B1                53     TRIGGER_ULTRASSOM_ENVIO         EQU P3.1

                      54             

                      55     

  00B6                56     LED_SEG                                         EQU     P3.6

  00B7                57     LED1                                            EQU     P3.7

A51 MACRO ASSEMBLER  PROJETO_02_LOMBADA_ELETRONICA                                        05/03/2017 20:04:17 PAGE     2

                      58             

  0000                59     PWM_FLAG                                        EQU 0    

                      60     

  0031                61     PWM_DUTY_CYCLE                          EQU 31h  

                      62     

  0032                63     PWM_COUNTER                                     EQU 32h

                      64     

                      65     

  0033                66     PWM_PERIODO_LSB                         EQU 33h

  0034                67     PWM_PERIODO_MED                         EQU 34h 

  0035                68     PWM_PERIODO_MSB                         EQU 35h

                      69             

  0036                70     PWM_QTDADE_PERIODOS                     EQU 36h

                      71             

  0037                72     FLAG_MEDIR_DISTANCIA_INIT       EQU 37h

  0038                73     FLAG_CALCULAR_VELOCIDADE        EQU 38h   

                      74             

                      75     

  0039                76     VELOCIDADE_VEICULO_UNIDADE      EQU     39h

  0040                77     VELOCIDADE_VEICULO_DEZENA       EQU     40h

  0041                78     VELOCIDADE_VEICULO                      EQU 41h 

                      79     

  0042                80     VELOCIDADE_LIMITE                       EQU 42h  

                      81             

  0043                82     TIMER_MEDICOES_LOW                      EQU     43h

                      83     

                      84     

                      85     

  0044                86     TIMER_MEDICOES_LSB                      EQU     44h

  0045                87     TIMER_MEDICOES_MSB                      EQU     45h

                      88             

  0046                89     DISTANCIA_ANTERIOR                      EQU     46h

  0047                90     DISTANCIA_ATUAL                         EQU     47h

                      91             

                      92     

                      93     

                      94     

                      95     

0030                  96     org 030h

0030                  97     TAB7SEG:

0030 3F065B4F         98             DB 3FH, 06H, 5BH, 4FH, 66H, 6DH, 7DH, 07H, 7FH, 6FH, 77H, 7CH, 39H, 5EH, 79H, 71H

0034 666D7D07                
0038 7F6F777C                
003C 395E7971                
                      99     

                     100     

                     101     

                     102     

                     103     

0040                 104     __STARTUP__:

0040 12006A          105                     LCALL   SETA_VARIAVEIS_INICIAIS

0043 120154          106                     LCALL   INT_CONFIGURA_INTERRUPCOES

                     107                     

0046                 108     ESPERA_TRIGGER_CALCULAR_DISTANCIA_INIT:

0046 E537            109                     MOV             A, FLAG_MEDIR_DISTANCIA_INIT

0048 B401FB          110                     CJNE    A, #01h, ESPERA_TRIGGER_CALCULAR_DISTANCIA_INIT

                     111                     

004B 7946            112                     MOV             R1, #DISTANCIA_ANTERIOR

004D 120091          113                     LCALL   MEDIR_DISTANCIA

                     114                     

                     115                     

0050 120119          116                     LCALL   TIMER_CONFIGURA_TIMER

0053 120154          117                     LCALL   INT_CONFIGURA_INTERRUPCOES

0056 120084          118                     LCALL   RESETA_TIMER_MEDICOES

                     119                     

0059 D28E            120                     SETB    TR1

A51 MACRO ASSEMBLER  PROJETO_02_LOMBADA_ELETRONICA                                        05/03/2017 20:04:17 PAGE     3

                     121                     

005B                 122     ESPERA_FLAG_MEDIR_DISTANCIA_2:

005B E538            123                     MOV             A, FLAG_CALCULAR_VELOCIDADE

005D B401FB          124                     CJNE    A, #01h, ESPERA_FLAG_MEDIR_DISTANCIA_2

                     125                     

0060 7947            126                     MOV             R1, #DISTANCIA_ATUAL

0062 120091          127                     LCALL   MEDIR_DISTANCIA

                     128                     

0065 1200BF          129                     LCALL   CALCULA_VELOCIDADE

                     130                     

0068 0140            131                     AJMP    __STARTUP__

                     132     

                     133     

                     134     

                     135     

                     136     

                     137     

                     138     

                     139     

006A                 140     SETA_VARIAVEIS_INICIAIS:

006A D296            141                     SETB    PINO_LED_VERMELHO

006C D297            142                     SETB    BUZZER

                     143                     

006E 754214          144                     MOV             VELOCIDADE_LIMITE,                      #020d    

0071 753700          145                     MOV             FLAG_MEDIR_DISTANCIA_INIT,      #00h 

0074 753800          146                     MOV             FLAG_CALCULAR_VELOCIDADE,       #00h

0077 753900          147                     MOV             VELOCIDADE_VEICULO_UNIDADE, #00h

007A 754000          148                     MOV             VELOCIDADE_VEICULO_DEZENA,      #00h

007D 754600          149                     MOV             DISTANCIA_ANTERIOR,             #00h                    

0080 754700          150                     MOV             DISTANCIA_ATUAL,                        #00h               
                                          

                     151                     

0083 22              152                     RET

                     153                     

                     154     

                     155     

                     156     

                     157     

                     158     

                     159     

                     160     

0084                 161     RESETA_TIMER_MEDICOES:

0084 754300          162                     MOV             TIMER_MEDICOES_LOW,     #00h

0087 754400          163                     MOV             TIMER_MEDICOES_LSB,     #00h

008A 754500          164                     MOV             TIMER_MEDICOES_MSB,     #00h

                     165                     

008D 754100          166                     MOV             VELOCIDADE_VEICULO,     #00h

                     167                     

0090 22              168                     RET     

                     169                     

                     170     

                     171     

                     172     

                     173     

                     174     

                     175     

                     176     

0091                 177     MEDIR_DISTANCIA:

0091 C290            178                     CLR             DISPLAY_UNIDADE 

0093 C291            179                     CLR     DISPLAY_DEZENA

                     180                     

0095 758000          181                     MOV     PORT_DISPLAY, #00h

                     182                     

0098 C2B0            183                     CLR     TRIGGER_ULTRASSOM_RECEPTOR       

009A D2B1            184                     SETB    TRIGGER_ULTRASSOM_ENVIO      

                     185     

A51 MACRO ASSEMBLER  PROJETO_02_LOMBADA_ELETRONICA                                        05/03/2017 20:04:17 PAGE     4

009C 758920          186                     MOV     TMOD, #00100000B         

009F 758B82          187                     MOV     TL1, #130D    

00A2 758D82          188                     MOV     TH1, #130D    

                     189                     

00A5 7400            190                     MOV     A, #00h

                     191                     

00A7 D2B0            192                     SETB    TRIGGER_ULTRASSOM_RECEPTOR       

                     193                     

00A9 314A            194                     ACALL   TIMER_DELAY_10_US      

                     195                     

00AB C2B0            196                     CLR     TRIGGER_ULTRASSOM_RECEPTOR

                     197     

00AD                 198     ESPERANDO_RESPOSTA_ECHO:        

00AD 30B1FD          199                     JNB     TRIGGER_ULTRASSOM_ENVIO, $     

                     200     

00B0                 201     ECHO_AINDA_DISPONIVEL:  

00B0 D28E            202                     SETB    TR1         

                     203     

00B2 308FFD          204                     JNB     TF1, $

                     205           

00B5 C28E            206                     CLR     TR1          

00B7 C28F            207                     CLR     TF1          

                     208           

00B9 04              209                     INC     A        

                     210           

00BA 20B1F3          211                     JB              TRIGGER_ULTRASSOM_ENVIO, ECHO_AINDA_DISPONIVEL   

                     212           

00BD F7              213                     MOV     @R1, A   

                     214               

00BE 22              215                     RET

                     216     

                     217     

                     218     

                     219     

                     220     

                     221     

                     222     

                     223     

00BF                 224     CALCULA_VELOCIDADE:

00BF C3              225                     CLR             C  

                     226                     

00C0 E546            227                     MOV     A, DISTANCIA_ANTERIOR

00C2 8547F0          228                     MOV             B, DISTANCIA_ATUAL

                     229                     

00C5 95F0            230                     SUBB    A, B

                     231     

00C7 5008            232                     JNC             DISTANCIA_ANTERIOR_MAIOR_QUE_ATUAL      

                     233                     

00C9                 234     DISTANCIA_ATUAL_MAIOR_QUE_ANTERIOR:

00C9 E547            235                     MOV     A, DISTANCIA_ATUAL

00CB 9546            236                     SUBB    A, DISTANCIA_ANTERIOR

                     237                     

00CD F541            238                     MOV             VELOCIDADE_VEICULO, A

                     239                     

00CF 8006            240                     JMP             DLOOP

                     241     

00D1                 242     DISTANCIA_ANTERIOR_MAIOR_QUE_ATUAL:

00D1 E546            243                     MOV     A, DISTANCIA_ANTERIOR

00D3 9547            244                     SUBB    A, DISTANCIA_ATUAL

                     245                     

00D5 F541            246                     MOV             VELOCIDADE_VEICULO, A

                     247                     

00D7                 248     DLOOP: 

                     249                

                     250                

                     251                

A51 MACRO ASSEMBLER  PROJETO_02_LOMBADA_ELETRONICA                                        05/03/2017 20:04:17 PAGE     5

00D7 74FF            252                MOV          A, #0FFh

00D9 9542            253                SUBB         A, VELOCIDADE_LIMITE

                     254                     

00DB 3541            255                ADDC         A, VELOCIDADE_VEICULO

                     256                     

00DD 4027            257                JC           ACIMA_DO_LIMITE

                     258     

00DF                 259     CONTINUA_DLOOP:

00DF 7D64            260                     MOV     R5,#100D     

00E1 7E0F            261                     MOV             R6,#15D

00E3                 262     BACK1: 

00E3 E541            263                     MOV     A,VELOCIDADE_VEICULO         

00E5 75F00A          264                     MOV     B,#10D      

                     265            

00E8 84              266                     DIV     AB           

                     267            

00E9 D290            268                     SETB    DISPLAY_UNIDADE        

00EB 3111            269            ACALL MOSTRA_VELOCIDADE_DISPLAY    

                     270                

00ED 314F            271                ACALL        TIMER_DELAY_1_MS     

                     272            

00EF E5F0            273                MOV A,B          

00F1 C290            274            CLR DISPLAY_UNIDADE         

00F3 D291            275            SETB DISPLAY_DEZENA        

00F5 3111            276            ACALL MOSTRA_VELOCIDADE_DISPLAY

                     277            

00F7 314F            278                ACALL        TIMER_DELAY_1_MS 

                     279            

00F9 C291            280                CLR DISPLAY_DEZENA        

                     281                

00FB DEE6            282                DJNZ R6,BACK1

00FD 7E15            283                MOV  R6,#15h

00FF DDE2            284            DJNZ R5,BACK1   

                     285                

0101 D296            286                SETB         PINO_LED_VERMELHO

0103 D297            287                SETB         BUZZER

                     288                

0105 22              289            RET

                     290     

0106                 291     ACIMA_DO_LIMITE:

0106 12010C          292                     LCALL   VELOCIDADE_ACIMA_DO_LIMITE

                     293                     

0109 80D4            294                     JMP             CONTINUA_DLOOP

                     295                     

010B 22              296                     RET     

                     297     

                     298     

                     299     

                     300     

                     301     

                     302     

                     303     

                     304     

                     305     

010C                 306     VELOCIDADE_ACIMA_DO_LIMITE:

010C C296            307                     CLR             PINO_LED_VERMELHO

010E C297            308                     CLR             BUZZER

                     309     

0110 22              310                     RET

                     311     

                     312     

                     313     

                     314     

                     315     

                     316     

                     317     

A51 MACRO ASSEMBLER  PROJETO_02_LOMBADA_ELETRONICA                                        05/03/2017 20:04:17 PAGE     6

                     318     

0111                 319     MOSTRA_VELOCIDADE_DISPLAY:

0111 900030          320                     MOV     DPTR, #TAB7SEG   

                     321                     

0114 93              322                     MOVC    A, @A + DPTR     

0115 F4              323             CPL     A                

0116 F580            324                     MOV     PORT_DISPLAY, A  

                     325                     

0118 22              326                     RET

                     327     

                     328     

                     329     

                     330     

                     331     

                     332     

                     333     

                     334     

                     335     

                     336     

                     337     

                     338     

0119                 339     TIMER_CONFIGURA_TIMER:

0119 758922          340                     MOV     TMOD, #00100010b  

                     341                     

011C 3125            342                     ACALL   TIMER_SETA_VALORES_TIMER_PADRAO

                     343                     

                     344                     

                     345                     

                     346                     

                     347                     

                     348                     

                     349                     

011E 758DFF          350                     MOV     TH1, #0FFh

0121 758B7A          351                     MOV             TL1, #122d

                     352                                     

0124 22              353                     RET

                     354                     

                     355     

                     356     

                     357     

                     358     

                     359     

                     360     

                     361     

0125                 362     TIMER_SETA_VALORES_TIMER_PADRAO:

                     363                     

                     364                     

0125 758CCF          365                     MOV     TH0, #207d

0128 758ACF          366                     MOV     TL0, #207d

                     367                                     

012B 22              368                     RET

                     369                     

                     370     

                     371     

                     372     

                     373     

                     374     

                     375     

                     376     

012C                 377     TIMER_DELAY_20_MS:

012C 758901          378                     MOV     TMOD, #00000001b  

                     379                     

                     380                     

012F 758C56          381                     MOV     TH0, #HIGH(65535 - 43350)

0132 758AA9          382                     MOV     TL0, #LOW(65535 - 43350)

                     383     

A51 MACRO ASSEMBLER  PROJETO_02_LOMBADA_ELETRONICA                                        05/03/2017 20:04:17 PAGE     7

0135 C28D            384                     CLR     TF0

0137 D28C            385                     SETB    TR0

                     386             

0139 308DFD          387                     JNB     TF0, $

                     388                     

013C C28D            389                     CLR     TF0

013E C28C            390                     CLR     TR0

                     391             

0140 D8EA            392                     DJNZ R0, TIMER_DELAY_20_MS

                     393             

0142 22              394                     RET

                     395             

                     396     

                     397     

                     398     

                     399     

                     400     

                     401     

                     402     

0143                 403     TIMER_DELAY_1_S:

0143 7832            404                     MOV             R0, #50d

0145 312C            405                     CALL    TIMER_DELAY_20_MS

                     406                     

0147 D9FA            407                     DJNZ    R1, TIMER_DELAY_1_S

                     408             

0149 22              409                     RET

                     410     

                     411     

                     412     

                     413     

                     414     

                     415     

                     416     

                     417     

014A                 418     TIMER_DELAY_10_US: 

014A 7E02            419                     MOV     R6, #2D     

014C DEFE            420                     DJNZ    R6, $

                     421                     

014E 22              422                     RET

                     423     

                     424     

                     425     

                     426     

                     427     

                     428     

                     429     

                     430     

014F                 431     TIMER_DELAY_1_MS: 

014F 7FFA            432                     MOV     R7, #250d        

0151 DFFE            433                     DJNZ    R7, $

                     434             

0153 22              435                     RET

                     436     

                     437     

                     438     

                     439     

                     440     

                     441     

                     442     

                     443     

                     444     

                     445     

                     446     

                     447     

                     448     

0154                 449     INT_CONFIGURA_INTERRUPCOES:

A51 MACRO ASSEMBLER  PROJETO_02_LOMBADA_ELETRONICA                                        05/03/2017 20:04:17 PAGE     8

                     450                     

0154 D2AF            451                     SETB    EA

0156 D2A8            452                     SETB    EX0

0158 D2AB            453                     SETB    ET1

                     454                     

                     455                     

015A C2B8            456                     CLR             PX0              

015C D2BB            457                     SETB    PT1              

                     458                     

                     459                     

015E C289            460                     CLR             IE0              

0160 C28A            461                     CLR             IT1              

                     462                     

0162 22              463                     RET

                     464     

                     465     

                     466     

                     467     

                     468     

                     469     

                     470     

                     471     

0163                 472     INT_EXT0:

0163 C0E0            473                     PUSH    ACC

0165 C0D0            474                     PUSH    PSW

                     475                     

0167 753701          476                     MOV             FLAG_MEDIR_DISTANCIA_INIT, #01h

                     477                     

016A 7805            478                     MOV     R0, #05h                 

016C 312C            479                     ACALL   TIMER_DELAY_20_MS

                     480                     

016E D0D0            481                     POP             PSW

0170 D0E0            482                     POP             ACC

                     483                     

0172 32              484                     RETI

                     485     

                     486     

                     487     

                     488     

                     489     

                     490     

                     491     

                     492     

0173                 493     INT_TIMER0:

0173 32              494                     RETI

                     495             

                     496     

                     497     

                     498     

                     499     

                     500     

                     501     

                     502     

0174                 503     INT_EXT1:

0174 32              504                     RETI

                     505     

                     506     

                     507     

                     508     

                     509     

                     510     

                     511     

                     512     

                     513     

                     514     

                     515     

A51 MACRO ASSEMBLER  PROJETO_02_LOMBADA_ELETRONICA                                        05/03/2017 20:04:17 PAGE     9

0175                 516     INT_TIMER1:

0175 C0E0            517                     PUSH    ACC

0177 C0D0            518                     PUSH    PSW

                     519                     

0179 758B7A          520                     MOV             TL1, #122d

017C C28F            521                     CLR             TF1

                     522                     

017E E543            523                     MOV             A, TIMER_MEDICOES_LOW

0180 B41419          524                     CJNE    A, #020d, INCREMENTA_TIMER_MEDICOES_LOW       

                     525             

0183 E544            526                     MOV             A, TIMER_MEDICOES_LSB

0185 B4FA18          527                     CJNE    A, #0250d, INCREMENTA_TIMER_MEDICOES_LSB         

                     528                     

0188 754300          529                     MOV             TIMER_MEDICOES_LOW, #00h

018B 754400          530                     MOV             TIMER_MEDICOES_LSB, #00h

018E 0545            531                     INC             TIMER_MEDICOES_MSB

                     532                     

0190 E545            533                     MOV             A, TIMER_MEDICOES_MSB

0192 B40210          534                     CJNE    A, #02d, FINALIZA_TIMER_1        

                     535                     

0195 C28E            536                     CLR             TR1

0197 753801          537                     MOV             FLAG_CALCULAR_VELOCIDADE, #01h

019A 21A5            538                     AJMP    FINALIZA_TIMER_1

                     539             

019C                 540     INCREMENTA_TIMER_MEDICOES_LOW:

019C 0543            541                     INC             TIMER_MEDICOES_LOW

019E 21A5            542                     AJMP    FINALIZA_TIMER_1

                     543                     

01A0                 544     INCREMENTA_TIMER_MEDICOES_LSB:

01A0 754300          545                     MOV             TIMER_MEDICOES_LOW, #00h

01A3 0544            546                     INC             TIMER_MEDICOES_LSB

                     547     

01A5                 548     FINALIZA_TIMER_1:

01A5 D0D0            549                     POP             PSW

01A7 D0E0            550                     POP             ACC

                     551                     

01A9 32              552                     RETI

                     553             

                     554     

                     555     

                     556     

                     557     

                     558     

                     559     

                     560     

01AA                 561     INT_SERIAL:

01AA 32              562                     RETI

                     563             

01AB                 564     FIM:

01AB 80FE            565                     JMP $

                     566                     END

A51 MACRO ASSEMBLER  PROJETO_02_LOMBADA_ELETRONICA                                        05/03/2017 20:04:17 PAGE    10

SYMBOL TABLE LISTING
------ ----- -------


N A M E                                 T Y P E  V A L U E   ATTRIBUTES

ACC. . . . . . . . . . . . . . . . . .  D ADDR   00E0H   A   
ACIMA_DO_LIMITE. . . . . . . . . . . .  C ADDR   0106H   A   
B. . . . . . . . . . . . . . . . . . .  D ADDR   00F0H   A   
BACK1. . . . . . . . . . . . . . . . .  C ADDR   00E3H   A   
BUZZER . . . . . . . . . . . . . . . .  B ADDR   0090H.7 A   
CALCULA_VELOCIDADE . . . . . . . . . .  C ADDR   00BFH   A   
CONTINUA_DLOOP . . . . . . . . . . . .  C ADDR   00DFH   A   
DISPLAY_DEZENA . . . . . . . . . . . .  B ADDR   0090H.1 A   
DISPLAY_UNIDADE. . . . . . . . . . . .  B ADDR   0090H.0 A   
DISTANCIA_ANTERIOR . . . . . . . . . .  N NUMB   0046H   A   
DISTANCIA_ANTERIOR_MAIOR_QUE_ATUAL . .  C ADDR   00D1H   A   
DISTANCIA_ATUAL. . . . . . . . . . . .  N NUMB   0047H   A   
DISTANCIA_ATUAL_MAIOR_QUE_ANTERIOR . .  C ADDR   00C9H   A   
DLOOP. . . . . . . . . . . . . . . . .  C ADDR   00D7H   A   
EA . . . . . . . . . . . . . . . . . .  B ADDR   00A8H.7 A   
ECHO_AINDA_DISPONIVEL. . . . . . . . .  C ADDR   00B0H   A   
ESPERANDO_RESPOSTA_ECHO. . . . . . . .  C ADDR   00ADH   A   
ESPERA_FLAG_MEDIR_DISTANCIA_2. . . . .  C ADDR   005BH   A   
ESPERA_TRIGGER_CALCULAR_DISTANCIA_INIT  C ADDR   0046H   A   
ET1. . . . . . . . . . . . . . . . . .  B ADDR   00A8H.3 A   
EX0. . . . . . . . . . . . . . . . . .  B ADDR   00A8H.0 A   
FIM. . . . . . . . . . . . . . . . . .  C ADDR   01ABH   A   
FINALIZA_TIMER_1 . . . . . . . . . . .  C ADDR   01A5H   A   
FLAG_CALCULAR_VELOCIDADE . . . . . . .  N NUMB   0038H   A   
FLAG_MEDIR_DISTANCIA_INIT. . . . . . .  N NUMB   0037H   A   
IE0. . . . . . . . . . . . . . . . . .  B ADDR   0088H.1 A   
INCREMENTA_TIMER_MEDICOES_LOW. . . . .  C ADDR   019CH   A   
INCREMENTA_TIMER_MEDICOES_LSB. . . . .  C ADDR   01A0H   A   
INT_CONFIGURA_INTERRUPCOES . . . . . .  C ADDR   0154H   A   
INT_EXT0 . . . . . . . . . . . . . . .  C ADDR   0163H   A   
INT_EXT1 . . . . . . . . . . . . . . .  C ADDR   0174H   A   
INT_SERIAL . . . . . . . . . . . . . .  C ADDR   01AAH   A   
INT_TIMER0 . . . . . . . . . . . . . .  C ADDR   0173H   A   
INT_TIMER1 . . . . . . . . . . . . . .  C ADDR   0175H   A   
IT1. . . . . . . . . . . . . . . . . .  B ADDR   0088H.2 A   
LED1 . . . . . . . . . . . . . . . . .  B ADDR   00B0H.7 A   
LED_SEG. . . . . . . . . . . . . . . .  B ADDR   00B0H.6 A   
MEDIR_DISTANCIA. . . . . . . . . . . .  C ADDR   0091H   A   
MOSTRA_VELOCIDADE_DISPLAY. . . . . . .  C ADDR   0111H   A   
P0 . . . . . . . . . . . . . . . . . .  D ADDR   0080H   A   
P1 . . . . . . . . . . . . . . . . . .  D ADDR   0090H   A   
P3 . . . . . . . . . . . . . . . . . .  D ADDR   00B0H   A   
PINO_LED_VERMELHO. . . . . . . . . . .  B ADDR   0090H.6 A   
PORT_DISPLAY . . . . . . . . . . . . .  D ADDR   0080H   A   
PSW. . . . . . . . . . . . . . . . . .  D ADDR   00D0H   A   
PT1. . . . . . . . . . . . . . . . . .  B ADDR   00B8H.3 A   
PWM_COUNTER. . . . . . . . . . . . . .  N NUMB   0032H   A   
PWM_DUTY_CYCLE . . . . . . . . . . . .  N NUMB   0031H   A   
PWM_FLAG . . . . . . . . . . . . . . .  N NUMB   0000H   A   
PWM_PERIODO_LSB. . . . . . . . . . . .  N NUMB   0033H   A   
PWM_PERIODO_MED. . . . . . . . . . . .  N NUMB   0034H   A   
PWM_PERIODO_MSB. . . . . . . . . . . .  N NUMB   0035H   A   
PWM_QTDADE_PERIODOS. . . . . . . . . .  N NUMB   0036H   A   
PX0. . . . . . . . . . . . . . . . . .  B ADDR   00B8H.0 A   
RESETA_TIMER_MEDICOES. . . . . . . . .  C ADDR   0084H   A   
SETA_VARIAVEIS_INICIAIS. . . . . . . .  C ADDR   006AH   A   
TAB7SEG. . . . . . . . . . . . . . . .  C ADDR   0030H   A   
TF0. . . . . . . . . . . . . . . . . .  B ADDR   0088H.5 A   
TF1. . . . . . . . . . . . . . . . . .  B ADDR   0088H.7 A   
TH0. . . . . . . . . . . . . . . . . .  D ADDR   008CH   A   
A51 MACRO ASSEMBLER  PROJETO_02_LOMBADA_ELETRONICA                                        05/03/2017 20:04:17 PAGE    11

TH1. . . . . . . . . . . . . . . . . .  D ADDR   008DH   A   
TIMER_CONFIGURA_TIMER. . . . . . . . .  C ADDR   0119H   A   
TIMER_DELAY_10_US. . . . . . . . . . .  C ADDR   014AH   A   
TIMER_DELAY_1_MS . . . . . . . . . . .  C ADDR   014FH   A   
TIMER_DELAY_1_S. . . . . . . . . . . .  C ADDR   0143H   A   
TIMER_DELAY_20_MS. . . . . . . . . . .  C ADDR   012CH   A   
TIMER_MEDICOES_LOW . . . . . . . . . .  N NUMB   0043H   A   
TIMER_MEDICOES_LSB . . . . . . . . . .  N NUMB   0044H   A   
TIMER_MEDICOES_MSB . . . . . . . . . .  N NUMB   0045H   A   
TIMER_SETA_VALORES_TIMER_PADRAO. . . .  C ADDR   0125H   A   
TL0. . . . . . . . . . . . . . . . . .  D ADDR   008AH   A   
TL1. . . . . . . . . . . . . . . . . .  D ADDR   008BH   A   
TMOD . . . . . . . . . . . . . . . . .  D ADDR   0089H   A   
TR0. . . . . . . . . . . . . . . . . .  B ADDR   0088H.4 A   
TR1. . . . . . . . . . . . . . . . . .  B ADDR   0088H.6 A   
TRIGGER_ULTRASSOM_ENVIO. . . . . . . .  B ADDR   00B0H.1 A   
TRIGGER_ULTRASSOM_RECEPTOR . . . . . .  B ADDR   00B0H.0 A   
VELOCIDADE_ACIMA_DO_LIMITE . . . . . .  C ADDR   010CH   A   
VELOCIDADE_LIMITE. . . . . . . . . . .  N NUMB   0042H   A   
VELOCIDADE_VEICULO . . . . . . . . . .  N NUMB   0041H   A   
VELOCIDADE_VEICULO_DEZENA. . . . . . .  N NUMB   0040H   A   
VELOCIDADE_VEICULO_UNIDADE . . . . . .  N NUMB   0039H   A   
__STARTUP__. . . . . . . . . . . . . .  C ADDR   0040H   A   


REGISTER BANK(S) USED: 0 


ASSEMBLY COMPLETE.  0 WARNING(S), 0 ERROR(S)
