A51 MACRO ASSEMBLER  PROJETO_02_LOMBADA_ELETRONICA                                        04/13/2017 23:30:56 PAGE     1


MACRO ASSEMBLER A51 V8.2.5.0
OBJECT MODULE PLACED IN .\Objects\Projeto_02_Lombada_Eletronica.obj
ASSEMBLER INVOKED BY: C:\Keil_v5\C51\BIN\A51.EXE Projeto_02_Lombada_Eletronica.a51 SET(SMALL) DEBUG PRINT(.\Listings\Pro
                      jeto_02_Lombada_Eletronica.lst) OBJECT(.\Objects\Projeto_02_Lombada_Eletronica.obj) EP

LOC  OBJ            LINE     SOURCE

                       1     

                       2     

                       3     

                       4     

                       5     

                       6     

                       7     

                       8     

                       9     

                      10     

                      11     

                      12     

                      13     

                      14     

                      15     

                      16     

                      17     

                      18     

                      19     

                      20     

                      21     

                      22     

                      23     

                      24     

                      25     

                      26     

                      27     

0000                  28     org 00h 

0000 020026           29     ljmp __STARTUP__

                      30     

0003                  31     org 03h 

0003 020148           32     ljmp INT_EXT0

                      33     

000B                  34     org 0Bh 

000B 020153           35     ljmp INT_TIMER0

                      36     

0013                  37     org 013h 

0013 020154           38     ljmp INT_EXT1

                      39     

001B                  40     org 01Bh 

001B 020162           41     ljmp INT_TIMER1

                      42     

0023                  43     org 023h 

0023 02018D           44     ljmp INT_SERIAL

                      45     

                      46     

                      47     

                      48     

                      49     

  0090                50     PINO_LED_VERDE                          EQU P1.0

  0091                51     PINO_LED_VERMELHO                       EQU P1.1

                      52     

                      53     

  0092                54     BUZZER                                          EQU P1.2

                      55             

  00B2                56     SENSOR_EXTERNO_1                        EQU P3.2  

  00B3                57     SENSOR_EXTERNO_2                        EQU P3.3  

A51 MACRO ASSEMBLER  PROJETO_02_LOMBADA_ELETRONICA                                        04/13/2017 23:30:56 PAGE     2

                      58     

                      59     

  00B6                60     LED_SEG                                         EQU     P3.6

  00B7                61     LED1                                            EQU     P3.7

                      62             

  0000                63     PWM_FLAG                                        EQU 0    

                      64     

  0031                65     PWM_DUTY_CYCLE                          EQU 31h  

                      66     

  0032                67     PWM_COUNTER                                     EQU 32h

                      68     

                      69     

  0033                70     PWM_PERIODO_LSB                         EQU 33h

  0034                71     PWM_PERIODO_MED                         EQU 34h 

  0035                72     PWM_PERIODO_MSB                         EQU 35h

                      73             

  0036                74     PWM_QTDADE_PERIODOS                     EQU 36h

                      75             

  0037                76     DISTANCIA_SENSORES                      EQU 37h   

                      77     

  0038                78     FLAG_CALCULAR_VELOCIDADE        EQU 38h   

                      79             

  0039                80     VELOCIDADE_VEICULO_UNIDADE      EQU     39h

  0040                81     VELOCIDADE_VEICULO_DEZENA       EQU     40h

                      82     

                      83     

                      84     

  0041                85     TIMER_MEDICOES_LOW                      EQU     41h

  0042                86     TIMER_MEDICOES_HIGH                     EQU     42h

  0043                87     TIMER_MEDICOES_X1S                      EQU     43h

                      88             

                      89     

                      90     

                      91     

                      92     

                      93     

                      94     

                      95     

                      96     

0026                  97     __STARTUP__:

0026 C290             98                     CLR             PINO_LED_VERDE

0028 C291             99                     CLR             PINO_LED_VERMELHO

002A C292            100                     CLR             BUZZER

                     101     

002C 120045          102                     LCALL   SETA_VARIAVEIS_INICIAIS

002F 12007B          103                     LCALL   TIMER_CONFIGURA_TIMER

0032 120133          104                     LCALL   INT_CONFIGURA_INTERRUPCOES

                     105     

0035                 106     INICIO:

0035 120052          107                     LCALL   RESETA_TIMER_MEDICOES

                     108                     

0038                 109     ESPERA_SENSOR_2:

0038 E538            110                     MOV             A, FLAG_CALCULAR_VELOCIDADE

003A B401FB          111                     CJNE    A, #01h, ESPERA_SENSOR_2

                     112                     

003D 12005C          113                     LCALL   CALCULA_VELOCIDADE

                     114                     

0040 120045          115                     LCALL   SETA_VARIAVEIS_INICIAIS

0043 0135            116                     AJMP    INICIO

                     117     

                     118     

                     119     

                     120     

                     121     

                     122     

                     123     

A51 MACRO ASSEMBLER  PROJETO_02_LOMBADA_ELETRONICA                                        04/13/2017 23:30:56 PAGE     3

                     124     

0045                 125     SETA_VARIAVEIS_INICIAIS:

0045 753764          126                     MOV             DISTANCIA_SENSORES, #100d                

0048 753800          127                     MOV             FLAG_CALCULAR_VELOCIDADE, #00h

004B 753900          128                     MOV             VELOCIDADE_VEICULO_UNIDADE, #00h

004E 754000          129                     MOV             VELOCIDADE_VEICULO_DEZENA, #00h

                     130                     

0051 22              131                     RET

                     132                     

                     133     

                     134     

                     135     

                     136     

                     137     

                     138     

                     139     

0052                 140     RESETA_TIMER_MEDICOES:

0052 754100          141                     MOV             TIMER_MEDICOES_LOW, #00h

0055 754200          142                     MOV             TIMER_MEDICOES_HIGH, #00h

0058 754300          143                     MOV             TIMER_MEDICOES_X1S, #00h

                     144                     

005B 22              145                     RET

                     146     

                     147     

                     148     

                     149     

                     150     

                     151     

                     152     

                     153     

005C                 154     CALCULA_VELOCIDADE:

                     155                     

005C 22              156                     RET     

                     157                     

                     158     

                     159     

                     160     

                     161     

                     162     

                     163     

                     164     

                     165     

005D                 166     VELOCIDADE_ABAIXO_DO_LIMITE:

005D 7802            167                     MOV             R0, #02h  

005F 7980            168                     MOV             R1, #128d  

                     169                     

                     170                     

                     171                     

0061 7A0E            172                     MOV             R2, #00Eh

0063 7BFF            173                     MOV             R3, #0FFh

0065 7CFF            174                     MOV             R4, #0FFh

0067 7D07            175                     MOV             R5, #00000111b  

                     176                     

0069 1200A6          177                     LCALL   PWM_SQUARE_WAVE_SETUP_AND_START

                     178                     

006C 22              179                     RET     

                     180     

                     181     

                     182     

                     183     

                     184     

                     185     

                     186     

                     187     

                     188     

                     189     

A51 MACRO ASSEMBLER  PROJETO_02_LOMBADA_ELETRONICA                                        04/13/2017 23:30:56 PAGE     4

                     190     

                     191     

006D                 192     ACIONA_BUZZER_X20MS:

006D D292            193                     SETB    BUZZER

006F 118E            194                     ACALL   TIMER_DELAY_20_MS

0071 C292            195                     CLR     BUZZER

                     196                     

0073 22              197                     RET

                     198                     

                     199     

                     200     

                     201     

                     202     

                     203     

                     204     

                     205     

0074                 206     ACIONA_BUZZER_X1S:

0074 D292            207                     SETB    BUZZER

0076 119F            208                     ACALL   TIMER_DELAY_1_S

0078 C292            209                     CLR     BUZZER

                     210                     

007A 22              211                     RET

                     212     

                     213     

                     214     

                     215     

                     216     

                     217     

                     218     

                     219     

                     220     

                     221     

                     222     

                     223     

007B                 224     TIMER_CONFIGURA_TIMER:

007B 758921          225                     MOV     TMOD, #00100001b  

                     226                     

007E 1187            227                     ACALL   TIMER_SETA_VALORES_TIMER_PADRAO

                     228                     

                     229                     

                     230                     

                     231                     

                     232                     

                     233                     

0080 758DFF          234                     MOV     TH1, #0FFh

0083 758B05          235                     MOV             TL1, #05h

                     236                                     

0086 22              237                     RET

                     238                     

                     239     

                     240     

                     241     

                     242     

                     243     

                     244     

                     245     

0087                 246     TIMER_SETA_VALORES_TIMER_PADRAO:

                     247                     

0087 758C56          248                     MOV     TH0, #HIGH(65535 - 43350)

008A 758AA9          249                     MOV     TL0, #LOW(65535 - 43350)

                     250                                     

008D 22              251                     RET

                     252     

                     253     

                     254     

                     255     

A51 MACRO ASSEMBLER  PROJETO_02_LOMBADA_ELETRONICA                                        04/13/2017 23:30:56 PAGE     5

                     256     

                     257     

                     258     

                     259     

008E                 260     TIMER_DELAY_20_MS:

008E 120087          261                     LCALL   TIMER_SETA_VALORES_TIMER_PADRAO

                     262                     

0091 C28D            263                     CLR     TF0

0093 D28C            264                     SETB    TR0

                     265             

0095 308DFD          266                     JNB     TF0, $

                     267                     

0098 C28D            268                     CLR     TF0

009A C28C            269                     CLR     TR0

                     270             

009C D8F0            271                     DJNZ    R0, TIMER_DELAY_20_MS

                     272             

009E 22              273                     RET

                     274                     

                     275     

                     276     

                     277     

                     278     

                     279     

                     280     

                     281     

009F                 282     TIMER_DELAY_1_S:

009F 7832            283                     MOV             R0, #50d

00A1 118E            284                     CALL    TIMER_DELAY_20_MS

                     285                     

00A3 D9FA            286                     DJNZ    R1, TIMER_DELAY_1_S

                     287             

00A5 22              288                     RET

                     289                     

                     290     

                     291     

                     292     

                     293     

                     294     

                     295     

                     296     

                     297     

                     298     

                     299     

                     300     

                     301     

                     302     

                     303     

                     304     

                     305     

                     306     

                     307     

                     308     

00A6                 309     PWM_SQUARE_WAVE_SETUP_AND_START:

00A6 8931            310                     MOV     PWM_DUTY_CYCLE, R1

                     311             

00A8 1200BC          312                     LCALL   PWM_SQUARE_WAVE_CONFIG_PERIOD

                     313             

00AB D28C            314                     SETB    TR0

                     315     

00AD                 316     CONTINUA_PWM:

00AD 1200D4          317                     LCALL   PWM_SQUARE_WAVE

                     318                     

00B0 E532            319                     MOV     A, PWM_COUNTER

00B2 B536F8          320                     CJNE    A, PWM_QTDADE_PERIODOS, CONTINUA_PWM

                     321     

A51 MACRO ASSEMBLER  PROJETO_02_LOMBADA_ELETRONICA                                        04/13/2017 23:30:56 PAGE     6

00B5                 322     PWM_PARAR:

00B5 1200D1          323                     LCALL   PWM_STOP

                     324                     

00B8 753200          325                     MOV             PWM_COUNTER, #00h

                     326                     

00BB 22              327                     RET

                     328     

                     329     

                     330     

                     331     

                     332     

                     333     

                     334     

                     335     

                     336     

                     337     

                     338     

00BC                 339     PWM_SQUARE_WAVE_CONFIG_PERIOD:

                     340                     

                     341                     

                     342                     

00BC 8A35            343                     MOV             PWM_PERIODO_MSB, R2

00BE 8B34            344                     MOV             PWM_PERIODO_MED, R3

00C0 8C33            345                     MOV             PWM_PERIODO_LSB, R4

                     346                     

                     347                     

                     348                     

00C2 E8              349                     MOV             A, R0

00C3 28              350                     ADD             A, R0

00C4 F536            351                     MOV             PWM_QTDADE_PERIODOS, A

                     352                     

00C6 AE34            353                     MOV             R6, PWM_PERIODO_MED

00C8 AF35            354                     MOV             R7, PWM_PERIODO_MSB

                     355                     

00CA 758CFF          356                     MOV     TH0, #0FFh

00CD 85338A          357                     MOV             TL0, PWM_PERIODO_LSB

                     358                     

00D0 22              359                     RET

                     360     

                     361     

                     362     

                     363     

                     364     

                     365     

                     366     

                     367     

00D1                 368     PWM_STOP:

00D1 C28C            369                     CLR     TR0

                     370                     

00D3 22              371                     RET

                     372             

                     373     

                     374     

                     375     

                     376     

                     377     

                     378     

                     379     

                     380     

                     381     

                     382     

                     383     

00D4                 384     PWM_SQUARE_WAVE:        

00D4 308DFD          385                     JNB     TF0, $

                     386             

00D7 DE2B            387                     DJNZ    R6, CONTINUE_SQUARE

A51 MACRO ASSEMBLER  PROJETO_02_LOMBADA_ELETRONICA                                        04/13/2017 23:30:56 PAGE     7

00D9 AE34            388                     MOV             R6, PWM_PERIODO_MED

                     389                     

00DB DF27            390                     DJNZ    R7, CONTINUE_SQUARE

00DD AF35            391                     MOV             R7, PWM_PERIODO_MSB     

                     392     

                     393                     

00DF 0532            394                     INC             PWM_COUNTER

                     395     

00E1 20000E          396                     JB              PWM_FLAG, HIGH_DONE

                     397             

00E4                 398     LOW_DONE:                       

00E4 D200            399                     SETB    PWM_FLAG

                     400                     

00E6 12011D          401                     LCALL   DEFINE_PINOS_A_SEREM_ATIVADOS_DESATIVADOS

                     402                     

00E9 758CFF          403                     MOV             TH0, #0FFh

00EC 85318A          404                     MOV     TL0, PWM_DUTY_CYCLE             

                     405                     

00EF C28D            406                     CLR     TF0

                     407                     

00F1 22              408                     RET

                     409                                     

00F2                 410     HIGH_DONE:

00F2 C200            411                     CLR     PWM_FLAG                         

                     412                             

00F4 12011D          413                     LCALL   DEFINE_PINOS_A_SEREM_ATIVADOS_DESATIVADOS

                     414                     

00F7 74FF            415                     MOV     A, #0FFh                 

00F9 C3              416                     CLR             C

00FA 9531            417                     SUBB    A, PWM_DUTY_CYCLE

                     418                     

00FC 758CFF          419                     MOV     TH0, #0FFh                       

00FF F58A            420                     MOV             TL0, A

                     421                     

0101 C28D            422                     CLR     TF0                                      

                     423                     

0103 22              424                     RET

                     425     

0104                 426     CONTINUE_SQUARE:

0104 30000D          427                     JNB             PWM_FLAG, CONTINUE_SQUARE_LOW

                     428             

0107                 429     CONTINUE_SQUARE_HIGH:

0107 74FF            430                     MOV     A, #0FFh                 

0109 C3              431                     CLR             C

010A 9531            432                     SUBB    A, PWM_DUTY_CYCLE

                     433                     

010C 758CFF          434                     MOV     TH0, #0FFh                       

010F F58A            435                     MOV             TL0, A

                     436                     

0111 C28D            437                     CLR     TF0

                     438     

0113 22              439                     RET

                     440                     

0114                 441     CONTINUE_SQUARE_LOW:

0114 758CFF          442                     MOV             TH0, #0FFh

0117 85318A          443                     MOV     TL0, PWM_DUTY_CYCLE

                     444                     

011A C28D            445                     CLR     TF0

                     446                     

011C 22              447                     RET

                     448     

                     449     

                     450     

                     451     

                     452     

                     453     

A51 MACRO ASSEMBLER  PROJETO_02_LOMBADA_ELETRONICA                                        04/13/2017 23:30:56 PAGE     8

                     454     

                     455     

                     456     

                     457     

                     458     

011D                 459     DEFINE_PINOS_A_SEREM_ATIVADOS_DESATIVADOS:

011D 7401            460                     MOV             A, #01h

011F 5D              461                     ANL             A, R5

0120 6002            462                     JZ              NAO_ATIVA_BIT_0

                     463                     

0122 B290            464                     CPL     PINO_LED_VERDE

                     465                     

0124                 466     NAO_ATIVA_BIT_0:

0124 7402            467                     MOV             A, #02h

0126 5D              468                     ANL             A, R5

0127 6002            469                     JZ              NAO_ATIVA_BIT_1

                     470                     

0129 B291            471                     CPL     PINO_LED_VERMELHO

                     472     

012B                 473     NAO_ATIVA_BIT_1:

012B 7404            474                     MOV             A, #04h

012D 5D              475                     ANL             A, R5

012E 6002            476                     JZ              NAO_ATIVA_BIT_2

                     477                     

0130 B292            478                     CPL     BUZZER

                     479     

0132                 480     NAO_ATIVA_BIT_2:

0132 22              481                     RET

                     482     

                     483     

                     484     

                     485     

                     486     

                     487     

                     488     

                     489     

                     490     

                     491     

                     492     

                     493     

                     494     

0133                 495     INT_CONFIGURA_INTERRUPCOES:

                     496                     

0133 D2AF            497                     SETB    EA

0135 D2A8            498                     SETB    EX0

0137 D2AA            499                     SETB    EX1

0139 D2AB            500                     SETB    ET1

                     501                     

                     502                     

013B D2B8            503                     SETB    PX0              

013D D2BA            504                     SETB    PX1              

013F C2BB            505                     CLR             PT1              

                     506                     

                     507                     

0141 D289            508                     SETB    IE0              

0143 D28B            509                     SETB    IE1              

0145 C28A            510                     CLR             IT1              

                     511                     

0147 22              512                     RET

                     513     

                     514     

                     515     

                     516     

                     517     

                     518     

                     519     

A51 MACRO ASSEMBLER  PROJETO_02_LOMBADA_ELETRONICA                                        04/13/2017 23:30:56 PAGE     9

                     520     

0148                 521     INT_EXT0:

0148 C0E0            522                     PUSH    ACC

014A C0D0            523                     PUSH    PSW

                     524                     

014C D28E            525                     SETB    TR1

                     526                     

014E D0D0            527                     POP             PSW

0150 D0E0            528                     POP             ACC

                     529                     

0152 32              530                     RETI

                     531     

                     532     

                     533     

                     534     

                     535     

                     536     

                     537     

                     538     

0153                 539     INT_TIMER0:

0153 32              540                     RETI

                     541             

                     542     

                     543     

                     544     

                     545     

                     546     

                     547     

                     548     

0154                 549     INT_EXT1:

0154 C0E0            550                     PUSH    ACC

0156 C0D0            551                     PUSH    PSW

                     552                     

0158 C28E            553                     CLR             TR1

                     554                     

015A 753801          555                     MOV             FLAG_CALCULAR_VELOCIDADE, #01h

                     556                     

015D D0D0            557                     POP             PSW

015F D0E0            558                     POP             ACC

                     559                     

0161 32              560                     RETI

                     561     

                     562     

                     563     

                     564     

                     565     

                     566     

                     567     

                     568     

                     569     

                     570     

                     571     

0162                 572     INT_TIMER1:

0162 C0E0            573                     PUSH    ACC

0164 C0D0            574                     PUSH    PSW

                     575                     

0166 758B05          576                     MOV             TL1, #05h

0169 C28F            577                     CLR             TF1

                     578                     

016B E541            579                     MOV             A, TIMER_MEDICOES_LOW

016D B4FF0F          580                     CJNE    A, #0FFh, INCREMENTA_TIMER_MEDICOES_LOW

                     581             

0170 E542            582                     MOV             A, TIMER_MEDICOES_HIGH

0172 B41E0E          583                     CJNE    A, #01Eh, INCREMENTA_TIMER_MEDICOES_HIGH

                     584                     

0175 754100          585                     MOV             TIMER_MEDICOES_LOW, #00h

A51 MACRO ASSEMBLER  PROJETO_02_LOMBADA_ELETRONICA                                        04/13/2017 23:30:56 PAGE    10

0178 754200          586                     MOV             TIMER_MEDICOES_HIGH, #00h

017B 0543            587                     INC             TIMER_MEDICOES_X1S

017D 2188            588                     AJMP    FINALIZA_TIMER_1

                     589             

017F                 590     INCREMENTA_TIMER_MEDICOES_LOW:

017F 0541            591                     INC             TIMER_MEDICOES_LOW

0181 2188            592                     AJMP    FINALIZA_TIMER_1

                     593                     

0183                 594     INCREMENTA_TIMER_MEDICOES_HIGH:

0183 754100          595                     MOV             TIMER_MEDICOES_LOW, #00h

0186 0542            596                     INC             TIMER_MEDICOES_HIGH

                     597     

0188                 598     FINALIZA_TIMER_1:

0188 D0D0            599                     POP             PSW

018A D0E0            600                     POP             ACC

                     601                     

018C 32              602                     RETI

                     603             

                     604     

                     605     

                     606     

                     607     

                     608     

                     609     

                     610     

018D                 611     INT_SERIAL:

018D 32              612                     RETI

                     613             

018E                 614     FIM:

018E 80FE            615                     JMP $

                     616                     END

A51 MACRO ASSEMBLER  PROJETO_02_LOMBADA_ELETRONICA                                        04/13/2017 23:30:56 PAGE    11

SYMBOL TABLE LISTING
------ ----- -------


N A M E                                    T Y P E  V A L U E   ATTRIBUTES

ACC . . . . . . . . . . . . . . . . . .    D ADDR   00E0H   A   
ACIONA_BUZZER_X1S . . . . . . . . . . .    C ADDR   0074H   A   
ACIONA_BUZZER_X20MS . . . . . . . . . .    C ADDR   006DH   A   
BUZZER. . . . . . . . . . . . . . . . .    B ADDR   0090H.2 A   
CALCULA_VELOCIDADE. . . . . . . . . . .    C ADDR   005CH   A   
CONTINUA_PWM. . . . . . . . . . . . . .    C ADDR   00ADH   A   
CONTINUE_SQUARE . . . . . . . . . . . .    C ADDR   0104H   A   
CONTINUE_SQUARE_HIGH. . . . . . . . . .    C ADDR   0107H   A   
CONTINUE_SQUARE_LOW . . . . . . . . . .    C ADDR   0114H   A   
DEFINE_PINOS_A_SEREM_ATIVADOS_DESATIVADOS  C ADDR   011DH   A   
DISTANCIA_SENSORES. . . . . . . . . . .    N NUMB   0037H   A   
EA. . . . . . . . . . . . . . . . . . .    B ADDR   00A8H.7 A   
ESPERA_SENSOR_2 . . . . . . . . . . . .    C ADDR   0038H   A   
ET1 . . . . . . . . . . . . . . . . . .    B ADDR   00A8H.3 A   
EX0 . . . . . . . . . . . . . . . . . .    B ADDR   00A8H.0 A   
EX1 . . . . . . . . . . . . . . . . . .    B ADDR   00A8H.2 A   
FIM . . . . . . . . . . . . . . . . . .    C ADDR   018EH   A   
FINALIZA_TIMER_1. . . . . . . . . . . .    C ADDR   0188H   A   
FLAG_CALCULAR_VELOCIDADE. . . . . . . .    N NUMB   0038H   A   
HIGH_DONE . . . . . . . . . . . . . . .    C ADDR   00F2H   A   
IE0 . . . . . . . . . . . . . . . . . .    B ADDR   0088H.1 A   
IE1 . . . . . . . . . . . . . . . . . .    B ADDR   0088H.3 A   
INCREMENTA_TIMER_MEDICOES_HIGH. . . . .    C ADDR   0183H   A   
INCREMENTA_TIMER_MEDICOES_LOW . . . . .    C ADDR   017FH   A   
INICIO. . . . . . . . . . . . . . . . .    C ADDR   0035H   A   
INT_CONFIGURA_INTERRUPCOES. . . . . . .    C ADDR   0133H   A   
INT_EXT0. . . . . . . . . . . . . . . .    C ADDR   0148H   A   
INT_EXT1. . . . . . . . . . . . . . . .    C ADDR   0154H   A   
INT_SERIAL. . . . . . . . . . . . . . .    C ADDR   018DH   A   
INT_TIMER0. . . . . . . . . . . . . . .    C ADDR   0153H   A   
INT_TIMER1. . . . . . . . . . . . . . .    C ADDR   0162H   A   
IT1 . . . . . . . . . . . . . . . . . .    B ADDR   0088H.2 A   
LED1. . . . . . . . . . . . . . . . . .    B ADDR   00B0H.7 A   
LED_SEG . . . . . . . . . . . . . . . .    B ADDR   00B0H.6 A   
LOW_DONE. . . . . . . . . . . . . . . .    C ADDR   00E4H   A   
NAO_ATIVA_BIT_0 . . . . . . . . . . . .    C ADDR   0124H   A   
NAO_ATIVA_BIT_1 . . . . . . . . . . . .    C ADDR   012BH   A   
NAO_ATIVA_BIT_2 . . . . . . . . . . . .    C ADDR   0132H   A   
P1. . . . . . . . . . . . . . . . . . .    D ADDR   0090H   A   
P3. . . . . . . . . . . . . . . . . . .    D ADDR   00B0H   A   
PINO_LED_VERDE. . . . . . . . . . . . .    B ADDR   0090H.0 A   
PINO_LED_VERMELHO . . . . . . . . . . .    B ADDR   0090H.1 A   
PSW . . . . . . . . . . . . . . . . . .    D ADDR   00D0H   A   
PT1 . . . . . . . . . . . . . . . . . .    B ADDR   00B8H.3 A   
PWM_COUNTER . . . . . . . . . . . . . .    N NUMB   0032H   A   
PWM_DUTY_CYCLE. . . . . . . . . . . . .    N NUMB   0031H   A   
PWM_FLAG. . . . . . . . . . . . . . . .    N NUMB   0000H   A   
PWM_PARAR . . . . . . . . . . . . . . .    C ADDR   00B5H   A   
PWM_PERIODO_LSB . . . . . . . . . . . .    N NUMB   0033H   A   
PWM_PERIODO_MED . . . . . . . . . . . .    N NUMB   0034H   A   
PWM_PERIODO_MSB . . . . . . . . . . . .    N NUMB   0035H   A   
PWM_QTDADE_PERIODOS . . . . . . . . . .    N NUMB   0036H   A   
PWM_SQUARE_WAVE . . . . . . . . . . . .    C ADDR   00D4H   A   
PWM_SQUARE_WAVE_CONFIG_PERIOD . . . . .    C ADDR   00BCH   A   
PWM_SQUARE_WAVE_SETUP_AND_START . . . .    C ADDR   00A6H   A   
PWM_STOP. . . . . . . . . . . . . . . .    C ADDR   00D1H   A   
PX0 . . . . . . . . . . . . . . . . . .    B ADDR   00B8H.0 A   
PX1 . . . . . . . . . . . . . . . . . .    B ADDR   00B8H.2 A   
RESETA_TIMER_MEDICOES . . . . . . . . .    C ADDR   0052H   A   
SENSOR_EXTERNO_1. . . . . . . . . . . .    B ADDR   00B0H.2 A   
A51 MACRO ASSEMBLER  PROJETO_02_LOMBADA_ELETRONICA                                        04/13/2017 23:30:56 PAGE    12

SENSOR_EXTERNO_2. . . . . . . . . . . .    B ADDR   00B0H.3 A   
SETA_VARIAVEIS_INICIAIS . . . . . . . .    C ADDR   0045H   A   
TF0 . . . . . . . . . . . . . . . . . .    B ADDR   0088H.5 A   
TF1 . . . . . . . . . . . . . . . . . .    B ADDR   0088H.7 A   
TH0 . . . . . . . . . . . . . . . . . .    D ADDR   008CH   A   
TH1 . . . . . . . . . . . . . . . . . .    D ADDR   008DH   A   
TIMER_CONFIGURA_TIMER . . . . . . . . .    C ADDR   007BH   A   
TIMER_DELAY_1_S . . . . . . . . . . . .    C ADDR   009FH   A   
TIMER_DELAY_20_MS . . . . . . . . . . .    C ADDR   008EH   A   
TIMER_MEDICOES_HIGH . . . . . . . . . .    N NUMB   0042H   A   
TIMER_MEDICOES_LOW. . . . . . . . . . .    N NUMB   0041H   A   
TIMER_MEDICOES_X1S. . . . . . . . . . .    N NUMB   0043H   A   
TIMER_SETA_VALORES_TIMER_PADRAO . . . .    C ADDR   0087H   A   
TL0 . . . . . . . . . . . . . . . . . .    D ADDR   008AH   A   
TL1 . . . . . . . . . . . . . . . . . .    D ADDR   008BH   A   
TMOD. . . . . . . . . . . . . . . . . .    D ADDR   0089H   A   
TR0 . . . . . . . . . . . . . . . . . .    B ADDR   0088H.4 A   
TR1 . . . . . . . . . . . . . . . . . .    B ADDR   0088H.6 A   
VELOCIDADE_ABAIXO_DO_LIMITE . . . . . .    C ADDR   005DH   A   
VELOCIDADE_VEICULO_DEZENA . . . . . . .    N NUMB   0040H   A   
VELOCIDADE_VEICULO_UNIDADE. . . . . . .    N NUMB   0039H   A   
__STARTUP__ . . . . . . . . . . . . . .    C ADDR   0026H   A   


REGISTER BANK(S) USED: 0 


ASSEMBLY COMPLETE.  0 WARNING(S), 0 ERROR(S)
