A51 MACRO ASSEMBLER  RUBAO_LINDAO                                                         05/03/2017 16:54:20 PAGE     1


MACRO ASSEMBLER A51 V8.2.5.0
OBJECT MODULE PLACED IN .\Objects\rubao_lindao.obj
ASSEMBLER INVOKED BY: C:\Keil_v5\C51\BIN\A51.EXE rubao_lindao.a51 SET(SMALL) DEBUG PRINT(.\Listings\rubao_lindao.lst) OB
                      JECT(.\Objects\rubao_lindao.obj) EP

LOC  OBJ            LINE     SOURCE

0000                   1     ORG 00H                 

0000 90006D            2     MOV DPTR,#TAB7SEG           

0003 759000            3     MOV P1,#00000000B       

0006 758000            4     MOV P0,#00000000B       

0009 C2B0              5     CLR P3.0                

000B D2B1              6     SETB P3.1               

000D 758920            7     MOV TMOD,#00100000B     

0010 758B82            8     MAIN: MOV TL1,#130D     

0013 758D82            9           MOV TH1,#130D     

0016 7400             10           MOV A,#00000000B  

0018 D2B0             11           SETB P3.0         

001A 1133             12           ACALL DELAY1      

001C C2B0             13           CLR P3.0          

001E 30B1FD           14     HERE: JNB P3.1,HERE     

0021 D28E             15     BACK: SETB TR1          

0023 308FFD           16     HERE1: JNB TF1,HERE1    

0026 C28E             17           CLR TR1           

0028 C28F             18           CLR TF1           

002A 04               19           INC A             

002B 20B1F3           20           JB P3.1,BACK      

002E FC               21           MOV R4,A          

002F 1138             22           ACALL DLOOP       

0031 80DD             23           SJMP MAIN         

                      24     

0033 7E02             25     DELAY1: MOV R6,#2D      

0035 DEFE             26     LABEL1: DJNZ R6,LABEL1

0037 22               27             RET     

                      28     

0038 7D64             29     DLOOP: MOV R5,#100D     

003A EC               30     BACK1: MOV A,R4         

003B 75F064           31            MOV B,#100D      

003E 84               32            DIV AB           

003F D290             33            SETB P1.0        

0041 1177             34            ACALL MOSTRA_VELOCIDADE_DISPLAY    

0043 1168             35            ACALL DELAY      

0045 1168             36            ACALL DELAY

0047 E5F0             37            MOV A,B          

0049 75F00A           38            MOV B,#10D       

004C 84               39            DIV AB           

004D C290             40            CLR P1.0         

004F D291             41            SETB P1.1        

0051 1177             42            ACALL MOSTRA_VELOCIDADE_DISPLAY

0053 1168             43            ACALL DELAY

0055 1168             44            ACALL DELAY

0057 E5F0             45            MOV A,B          

0059 C291             46            CLR P1.1         

005B D292             47            SETB P1.2        

005D 1177             48            ACALL MOSTRA_VELOCIDADE_DISPLAY

005F 1168             49            ACALL DELAY

0061 1168             50            ACALL DELAY

0063 C292             51            CLR P1.2        

0065 DDD3             52            DJNZ R5,BACK1   

0067 22               53            RET

                      54     

0068 7FFA             55     DELAY: MOV R7,#250D         

006A DFFE             56     LABEL2: DJNZ R7,LABEL2

006C 22               57             RET

A51 MACRO ASSEMBLER  RUBAO_LINDAO                                                         05/03/2017 16:54:20 PAGE     2

                      58     

006D                  59     TAB7SEG:

006D 3F065B4F         60             DB 3FH, 06H, 5BH, 4FH, 66H, 6DH, 7DH, 07H, 7FH, 6FH

0071 666D7D07                
0075 7F6F                    
                      61                      

                      62     

                      63     

                      64     

                      65     

                      66     

                      67     

                      68     

0077                  69     MOSTRA_VELOCIDADE_DISPLAY:

0077 93               70                     MOVC A,@A+DPTR    

0078 F4               71             CPL A             

0079 F580             72                     MOV P0,A         

                      73     

007B 22               74                     RET

                      75     END

A51 MACRO ASSEMBLER  RUBAO_LINDAO                                                         05/03/2017 16:54:20 PAGE     3

SYMBOL TABLE LISTING
------ ----- -------


N A M E                    T Y P E  V A L U E   ATTRIBUTES

B . . . . . . . . . . . .  D ADDR   00F0H   A   
BACK. . . . . . . . . . .  C ADDR   0021H   A   
BACK1 . . . . . . . . . .  C ADDR   003AH   A   
DELAY . . . . . . . . . .  C ADDR   0068H   A   
DELAY1. . . . . . . . . .  C ADDR   0033H   A   
DLOOP . . . . . . . . . .  C ADDR   0038H   A   
HERE. . . . . . . . . . .  C ADDR   001EH   A   
HERE1 . . . . . . . . . .  C ADDR   0023H   A   
LABEL1. . . . . . . . . .  C ADDR   0035H   A   
LABEL2. . . . . . . . . .  C ADDR   006AH   A   
MAIN. . . . . . . . . . .  C ADDR   0010H   A   
MOSTRA_VELOCIDADE_DISPLAY  C ADDR   0077H   A   
P0. . . . . . . . . . . .  D ADDR   0080H   A   
P1. . . . . . . . . . . .  D ADDR   0090H   A   
P3. . . . . . . . . . . .  D ADDR   00B0H   A   
TAB7SEG . . . . . . . . .  C ADDR   006DH   A   
TF1 . . . . . . . . . . .  B ADDR   0088H.7 A   
TH1 . . . . . . . . . . .  D ADDR   008DH   A   
TL1 . . . . . . . . . . .  D ADDR   008BH   A   
TMOD. . . . . . . . . . .  D ADDR   0089H   A   
TR1 . . . . . . . . . . .  B ADDR   0088H.6 A   


REGISTER BANK(S) USED: 0 


ASSEMBLY COMPLETE.  0 WARNING(S), 0 ERROR(S)
